// Jest Snapshot v1, https://goo.gl/fbAQLP

exports[`prubas en <GifExpertApp deve de mostrar <GifExpertApp /> correctamente 1`] = `
<Fragment>
  <h2>
    Gif Expert App
  </h2>
  <AddCategory
    setCategories={[Function]}
  />
  <hr />
  <ol>
    <GifGrid
      category="Dragon Ball"
      key="Dragon Ball"
    />
  </ol>
</Fragment>
`;
