// Jest Snapshot v1, https://goo.gl/fbAQLP

exports[`prubas en <GifGridItem deve de mostrar <GifGridItem /> correctamente 1`] = `
<div
  className="card animate__animated  animate__fadeInRight"
>
  <img
    alt="Dragon Ball"
    src="http://localhost/algo.jpg"
  />
  <p>
    Dragon Ball
  </p>
</div>
`;
